C:\Users\my>cd desktop

C:\Users\my\Desktop>cd softwaretesting2201

C:\Users\my\Desktop\SoftwareTesting2201>git pull
Already up to date.

C:\Users\my\Desktop\SoftwareTesting2201>git add .

C:\Users\my\Desktop\SoftwareTesting2201>git status
On branch master
Your branch is up to date with 'origin/master'.

Changes to be committed:
  (use "git reset HEAD <file>..." to unstage)

        modified:   Nikolay Nikolov/Homework.txt


C:\Users\my\Desktop\SoftwareTesting2201>git commit -m "homework"
[master d5283cd] homework
 1 file changed, 8 insertions(+), 1 deletion(-)

C:\Users\my\Desktop\SoftwareTesting2201>git push
Enumerating objects: 7, done.
Counting objects: 100% (7/7), done.
Delta compression using up to 4 threads
Compressing objects: 100% (3/3), done.
Writing objects: 100% (4/4), 369 bytes | 369.00 KiB/s, done.
Total 4 (delta 1), reused 0 (delta 0)
remote: Resolving deltas: 100% (1/1), completed with 1 local object.
To https://github.com/martanasov/SoftwareTesting2201.git
   aee70d5..d5283cd  master -> master

C:\Users\my\Desktop\SoftwareTesting2201>
