my@DESKTOP-8T6EC12 MINGW64 ~/desktop/softwaretesting2201 (master)
$ git add .

my@DESKTOP-8T6EC12 MINGW64 ~/desktop/softwaretesting2201 (master)
$ git status
On branch master
Your branch is up to date with 'origin/master'.

Changes to be committed:
  (use "git reset HEAD <file>..." to unstage)

        renamed:    Nikolay Nikolov/Homework.txt -> Nikolay Nikolov/Homework Git Bash.txt


my@DESKTOP-8T6EC12 MINGW64 ~/desktop/softwaretesting2201 (master)
$ git commit -m "Homework Git Bash"
[master 03e9e49] Homework Git Bash
 1 file changed, 0 insertions(+), 0 deletions(-)
 rename Nikolay Nikolov/{Homework.txt => Homework Git Bash.txt} (100%)

my@DESKTOP-8T6EC12 MINGW64 ~/desktop/softwaretesting2201 (master)
$ git pull --rebase
remote: Enumerating objects: 45, done.
remote: Counting objects: 100% (45/45), done.
remote: Compressing objects: 100% (32/32), done.
remote: Total 45 (delta 14), reused 37 (delta 6), pack-reused 0
Unpacking objects: 100% (45/45), done.
From https://github.com/martanasov/SoftwareTesting2201
   80223f5..be2ecd3  master     -> origin/master
First, rewinding head to replay your work on top of it...
Applying: Homework Git Bash

my@DESKTOP-8T6EC12 MINGW64 ~/desktop/softwaretesting2201 (master)
$ git status
On branch master
Your branch is ahead of 'origin/master' by 1 commit.
  (use "git push" to publish your local commits)

nothing to commit, working tree clean

my@DESKTOP-8T6EC12 MINGW64 ~/desktop/softwaretesting2201 (master)
$ git push
Enumerating objects: 5, done.
Counting objects: 100% (5/5), done.
Delta compression using up to 4 threads
Compressing objects: 100% (2/2), done.
Writing objects: 100% (3/3), 317 bytes | 45.00 KiB/s, done.
Total 3 (delta 1), reused 0 (delta 0)
remote: Resolving deltas: 100% (1/1), completed with 1 local object.
To https://github.com/martanasov/SoftwareTesting2201.git
   be2ecd3..2afd924  master -> master

my@DESKTOP-8T6EC12 MINGW64 ~/desktop/softwaretesting2201 (master)
$