 Volume Serial Number is 5C1D-9FD0

 Directory of C:\Users\computer new\Desktop\Theodora Kondova\Home test\SoftwareT
esting2201\Tedi

25.01.2019 ã.  16:25    <DIR>          .
25.01.2019 ã.  16:25    <DIR>          ..
25.01.2019 ã.  16:25                 5 Test.txt
               1 File(s)              5 bytes
               2 Dir(s)  123 083 751 424 bytes free

C:\Users\computer new\Desktop\Theodora Kondova\Home test\SoftwareTesting2201\Ted
i>git status
On branch master
Your branch is up to date with 'origin/master'.

nothing to commit, working tree clean

C:\Users\computer new\Desktop\Theodora Kondova\Home test\SoftwareTesting2201\Ted
i>cd..

C:\Users\computer new\Desktop\Theodora Kondova\Home test\SoftwareTesting2201>cd.
.

C:\Users\computer new\Desktop\Theodora Kondova\Home test>cd..

C:\Users\computer new\Desktop\Theodora Kondova>git pull
There is no tracking information for the current branch.
Please specify which branch you want to merge with.
See git-pull(1) for details.

    git pull <remote> <branch>

If you wish to set tracking information for this branch you can do so with:

    git branch --set-upstream-to=<remote>/<branch> master


C:\Users\computer new\Desktop\Theodora Kondova>git status
warning: could not open directory 'Application Data/': Permission denied
warning: could not open directory 'Cookies/': Permission denied
warning: could not open directory 'Local Settings/': Permission denied
warning: could not open directory 'My Documents/': Permission denied
warning: could not open directory 'NetHood/': Permission denied
warning: could not open directory 'PrintHood/': Permission denied
warning: could not open directory 'Recent/': Permission denied
warning: could not open directory 'SendTo/': Permission denied
warning: could not open directory 'Start Menu/': Permission denied
warning: could not open directory 'Templates/': Permission denied
On branch master

No commits yet

Untracked files:
  (use "git add <file>..." to include in what will be committed)

        ../../.bash_history
        ../../.cisco/
        ../../.gitconfig
        ../../AppData/
        ../../Contacts/
        ../../Creative Cloud Files/
        ../
        ../../Documents/
        ../../Downloads/
        ../../Favorites/
        ../../Links/
        ../../Music/
        ../../NTUSER.DAT{016888bc-6c6f-11de-8d1d-001e0bcde3ec}.TxR.0.regtrans-ms

        ../../NTUSER.DAT{016888bc-6c6f-11de-8d1d-001e0bcde3ec}.TxR.1.regtrans-ms

        ../../NTUSER.DAT{016888bc-6c6f-11de-8d1d-001e0bcde3ec}.TxR.2.regtrans-ms

        ../../NTUSER.DAT{016888bc-6c6f-11de-8d1d-001e0bcde3ec}.TxR.blf
        ../../NTUSER.DAT{016888bd-6c6f-11de-8d1d-001e0bcde3ec}.TM.blf
        ../../NTUSER.DAT{016888bd-6c6f-11de-8d1d-001e0bcde3ec}.TMContainer000000
00000000000001.regtrans-ms
        ../../NTUSER.DAT{016888bd-6c6f-11de-8d1d-001e0bcde3ec}.TMContainer000000
00000000000002.regtrans-ms
        ../../Pictures/
        ../../Saved Games/
        ../../Searches/
        ../../Tracing/
        ../../Videos/
        ../../Virtual Machines/
        ../../iCloudDrive/
        ../../ntuser.dat
        ../../ntuser.dat.LOG1
        ../../ntuser.dat.LOG2
        ../../ntuser.dat{18b1b7e8-2ab0-11e7-9a1c-b888e3ebdd97}.TM.blf
        ../../ntuser.dat{18b1b7e8-2ab0-11e7-9a1c-b888e3ebdd97}.TMContainer000000
00000000000001.regtrans-ms
        ../../ntuser.dat{18b1b7e8-2ab0-11e7-9a1c-b888e3ebdd97}.TMContainer000000
00000000000002.regtrans-ms
        ../../ntuser.ini

nothing added to commit but untracked files present (use "git add" to track)

C:\Users\computer new\Desktop\Theodora Kondova>git add
Nothing specified, nothing added.
Maybe you wanted to say 'git add .'?

C:\Users\computer new\Desktop\Theodora Kondova>git add .
warning: adding embedded git repository: Desktop/Theodora Kondova/Home test/Soft
wareTesting2201
hint: You've added another git repository inside your current repository.
hint: Clones of the outer repository will not contain the contents of
hint: the embedded repository and will not know how to obtain it.
hint: If you meant to add a submodule, use:
hint:
hint:   git submodule add <url> Desktop/Theodora Kondova/Home test/SoftwareTesti
ng2201
hint:
hint: If you added this path by mistake, you can remove it from the
hint: index with:
hint:
hint:   git rm --cached Desktop/Theodora Kondova/Home test/SoftwareTesting2201
hint:
hint: See "git help submodule" for more information.

C:\Users\computer new\Desktop\Theodora Kondova>git commit "homework"
error: pathspec 'homework' did not match any file(s) known to git

C:\Users\computer new\Desktop\Theodora Kondova>git commit -m "homework"
[master (root-commit) 1f09467] homework
 1 file changed, 1 insertion(+)
 create mode 160000 Desktop/Theodora Kondova/Home test/SoftwareTesting2201

C:\Users\computer new\Desktop\Theodora Kondova>git pull
There is no tracking information for the current branch.
Please specify which branch you want to merge with.
See git-pull(1) for details.

    git pull <remote> <branch>

If you wish to set tracking information for this branch you can do so with:

    git branch --set-upstream-to=<remote>/<branch> master


C:\Users\computer new\Desktop\Theodora Kondova>cd "Home test"

C:\Users\computer new\Desktop\Theodora Kondova\Home test>git pull
There is no tracking information for the current branch.
Please specify which branch you want to merge with.
See git-pull(1) for details.

    git pull <remote> <branch>

If you wish to set tracking information for this branch you can do so with:

    git branch --set-upstream-to=<remote>/<branch> master


C:\Users\computer new\Desktop\Theodora Kondova\Home test>git push
fatal: No configured push destination.
Either specify the URL from the command-line or configure a remote repository us
ing

    git remote add <name> <url>

and then push using the remote name

    git push <name>


C:\Users\computer new\Desktop\Theodora Kondova\Home test>cd SoftwareTesting2201

C:\Users\computer new\Desktop\Theodora Kondova\Home test\SoftwareTesting2201>git
 add
Nothing specified, nothing added.
Maybe you wanted to say 'git add .'?

C:\Users\computer new\Desktop\Theodora Kondova\Home test\SoftwareTesting2201>git
 add.
git: 'add.' is not a git command. See 'git --help'.

The most similar command is
        add

C:\Users\computer new\Desktop\Theodora Kondova\Home test\SoftwareTesting2201>git
 add .

C:\Users\computer new\Desktop\Theodora Kondova\Home test\SoftwareTesting2201>git
 commit --m "homework"
[master cb54b06] homework
 1 file changed, 300 insertions(+)
 create mode 100644 Tedi/cmd commands.txt

C:\Users\computer new\Desktop\Theodora Kondova\Home test\SoftwareTesting2201>git
 status
On branch master
Your branch is ahead of 'origin/master' by 1 commit.
  (use "git push" to publish your local commits)

nothing to commit, working tree clean

C:\Users\computer new\Desktop\Theodora Kondova\Home test\SoftwareTesting2201>git
 pull
remote: Enumerating objects: 6, done.
remote: Counting objects: 100% (6/6), done.
remote: Compressing objects: 100% (1/1), done.
remote: Total 4 (delta 1), reused 4 (delta 1), pack-reused 0
Unpacking objects: 100% (4/4), done.
From https://github.com/martanasov/SoftwareTesting2201
   057d55a..3adc6b5  master     -> origin/master
Removing Nikolay Nikolov/Test.txt
Merge made by the 'recursive' strategy.
 Nikolay Nikolov/Homework.txt | 1 +
 Nikolay Nikolov/Test.txt     | 1 -
 2 files changed, 1 insertion(+), 1 deletion(-)
 create mode 100644 Nikolay Nikolov/Homework.txt
 delete mode 100644 Nikolay Nikolov/Test.txt

C:\Users\computer new\Desktop\Theodora Kondova\Home test\SoftwareTesting2201>git
 push
Enumerating objects: 10, done.
Counting objects: 100% (9/9), done.
Delta compression using up to 2 threads
Compressing objects: 100% (6/6), done.
Writing objects: 100% (6/6), 3.00 KiB | 511.00 KiB/s, done.
Total 6 (delta 2), reused 0 (delta 0)
remote: Resolving deltas: 100% (2/2), completed with 2 local objects.
To https://github.com/martanasov/SoftwareTesting2201.git
   3adc6b5..dac4f04  master -> master

C:\Users\computer new\Desktop\Theodora Kondova\Home test\SoftwareTesting2201>git
 pull
Already up to date.

C:\Users\computer new\Desktop\Theodora Kondova\Home test\SoftwareTesting2201>dir

 Volume in drive C has no label.
 Volume Serial Number is 5C1D-9FD0

 Directory of C:\Users\computer new\Desktop\Theodora Kondova\Home test\SoftwareT
esting2201

25.01.2019 ã.  16:25    <DIR>          .
25.01.2019 ã.  16:25    <DIR>          ..
25.01.2019 ã.  16:25             6 148 .DS_Store
25.01.2019 ã.  16:25    <DIR>          boyan1606
25.01.2019 ã.  16:25    <DIR>          Eros
25.01.2019 ã.  16:25    <DIR>          GeorgiDjenkov
25.01.2019 ã.  16:25    <DIR>          Home1
25.01.2019 ã.  16:25    <DIR>          Homework
25.01.2019 ã.  16:25    <DIR>          Ivan Mitrev
25.01.2019 ã.  16:25    <DIR>          Julieta Ivanova
25.01.2019 ã.  16:25    <DIR>          Lyubo
25.01.2019 ã.  16:25    <DIR>          Martin Atanasov
25.01.2019 ã.  16:25    <DIR>          metodi
25.01.2019 ã.  16:39    <DIR>          Nikolay Nikolov
25.01.2019 ã.  16:25    <DIR>          Plamen Debreliev
25.01.2019 ã.  16:25    <DIR>          Rumen Maslarski
25.01.2019 ã.  16:25    <DIR>          stoichkov
25.01.2019 ã.  16:29    <DIR>          Tedi
25.01.2019 ã.  16:25    <DIR>          Vladimir Yolov
25.01.2019 ã.  16:25    <DIR>          Zdravka Mollova
               1 File(s)          6 148 bytes
              19 Dir(s)  123 087 015 936 bytes free

C:\Users\computer new\Desktop\Theodora Kondova\Home test\SoftwareTesting2201>mkd
ir "Theodora Kondova"

C:\Users\computer new\Desktop\Theodora Kondova\Home test\SoftwareTesting2201>git
 status
On branch master
Your branch is up to date with 'origin/master'.

Untracked files:
  (use "git add <file>..." to include in what will be committed)

        Theodora Kondova/

nothing added to commit but untracked files present (use "git add" to track)

C:\Users\computer new\Desktop\Theodora Kondova\Home test\SoftwareTesting2201>git
 pull
Already up to date.

C:\Users\computer new\Desktop\Theodora Kondova\Home test\SoftwareTesting2201>git
 add
Nothing specified, nothing added.
Maybe you wanted to say 'git add .'?

C:\Users\computer new\Desktop\Theodora Kondova\Home test\SoftwareTesting2201>git
 add .

C:\Users\computer new\Desktop\Theodora Kondova\Home test\SoftwareTesting2201>git
 commit --m "home"
[master aee70d5] home
 1 file changed, 300 insertions(+)
 create mode 100644 Theodora Kondova/cmd commands.txt

C:\Users\computer new\Desktop\Theodora Kondova\Home test\SoftwareTesting2201>git
 pull
Already up to date.

C:\Users\computer new\Desktop\Theodora Kondova\Home test\SoftwareTesting2201>